
Memory Configuration

Name             Origin             Length             Attributes
ram              0x80000000         0x00500000         xrw
*default*        0x00000000         0xffffffff

Linker script and memory map

                0x00000000                __DYNAMIC=0x0
                0x00400000                PROVIDE (__stack, 0x400000)
                0x00000000                PROVIDE (hardware_init_hook, 0x0)
                0x00000000                PROVIDE (_hardware_init_hook, 0x0)
                0x00000000                PROVIDE (software_init_hook, 0x0)
                0x00000000                PROVIDE (_software_init_hook, 0x0)

.text           0x80000000    0x710c0
 *(.text)
 .text          0x80000000      0x258 S2_String_Check.o
                0x80000000                S2_String_Check_EventHandler
                0x8000017e                S2_String_CheckEventHandler00000
                0x800000bc                S2_String_Check_main
 .text          0x80000258      0x94a S2_MPS_Text_Centering.o
                0x80000710                S2_MPS_Text_CenteringEventHandler00000
                0x800009c2                S2_MPS_Text_Centering_main
                0x800008f2                S2_MPS_Text_Centering_EventHandler
 *fill*         0x80000ba2        0x2
 .text          0x80000ba4      0xe48 S2_Knob_Acceleration__Pkt_.o
                0x80001518                S2_Knob_Acceleration__Pkt__main
                0x800011a6                S2_Knob_Acceleration__Pkt_EventHandler00000
                0x8000143a                S2_Knob_Acceleration__Pkt__EventHandler
 .text          0x800019ec     0x5420 S2_DMPS_Text_Router_v1_0.o
                0x80006c44                S2_DMPS_Text_Router_v1_0EventHandler00009
                0x80006bee                S2_DMPS_Text_Router_v1_0EventHandler00008
                0x800061aa                S2_DMPS_Text_Router_v1_0_main
                0x8000689c                S2_DMPS_Text_Router_v1_0EventHandler00001
                0x80006a8e                S2_DMPS_Text_Router_v1_0EventHandler00004
                0x80006d8a                S2_DMPS_Text_Router_v1_0EventHandler0000B
                0x80006b1a                S2_DMPS_Text_Router_v1_0EventHandler00007
                0x8000697a                S2_DMPS_Text_Router_v1_0EventHandler00002
                0x80005f66                S2_DMPS_Text_Router_v1_0_EventHandler
                0x800067be                S2_DMPS_Text_Router_v1_0EventHandler00000
                0x80003c78                S2_DMPS_Text_Router_v1_0EventHandler00005
                0x80004c2a                S2_DMPS_Text_Router_v1_0EventHandler00006
                0x80006a02                S2_DMPS_Text_Router_v1_0EventHandler00003
                0x80006ce6                S2_DMPS_Text_Router_v1_0EventHandler0000A
 .text          0x80006e0c    0x4be18 S2_DMPS_Installer_Tools_v1_13.o
                0x80042190                S2_DMPS_Installer_Tools_v1_13EventHandler00029
                0x80044cb0                S2_DMPS_Installer_Tools_v1_13EventHandler00051
                0x8003fbf0                S2_DMPS_Installer_Tools_v1_13EventHandler00014
                0x8005257a                S2_DMPS_Installer_Tools_v1_13EventHandler00044
                0x80016cea                S2_DMPS_Installer_Tools_v1_13EventHandler00001
                0x80012936                S2_DMPS_Installer_Tools_v1_13KEYPADIDWAIT
                0x80051fec                S2_DMPS_Installer_Tools_v1_13EventHandler0003B
                0x80052264                S2_DMPS_Installer_Tools_v1_13EventHandler0003F
                0x8001fc56                S2_DMPS_Installer_Tools_v1_13EventHandler00006
                0x800523a0                S2_DMPS_Installer_Tools_v1_13EventHandler00041
                0x8001b00a                S2_DMPS_Installer_Tools_v1_13EventHandler00004
                0x80052752                S2_DMPS_Installer_Tools_v1_13EventHandler00047
                0x80043a62                S2_DMPS_Installer_Tools_v1_13EventHandler0004D
                0x80046d84                S2_DMPS_Installer_Tools_v1_13_main
                0x800255d4                S2_DMPS_Installer_Tools_v1_13EventHandler0000A
                0x80042ce8                S2_DMPS_Installer_Tools_v1_13EventHandler0002F
                0x80051762                S2_DMPS_Installer_Tools_v1_13EventHandler00011
                0x80052b46                S2_DMPS_Installer_Tools_v1_13EventHandler00054
                0x80040cc6                S2_DMPS_Installer_Tools_v1_13EventHandler0001B
                0x80024c86                S2_DMPS_Installer_Tools_v1_13EventHandler00008
                0x8005288a                S2_DMPS_Installer_Tools_v1_13EventHandler00049
                0x80052bda                S2_DMPS_Installer_Tools_v1_13EventHandler00056
                0x80051eb0                S2_DMPS_Installer_Tools_v1_13EventHandler00039
                0x800517ee                S2_DMPS_Installer_Tools_v1_13EventHandler00019
                0x80041636                S2_DMPS_Installer_Tools_v1_13EventHandler00022
                0x80041cbe                S2_DMPS_Installer_Tools_v1_13EventHandler00026
                0x800516e6                S2_DMPS_Installer_Tools_v1_13PASSWORDWAIT
                0x800521c6                S2_DMPS_Installer_Tools_v1_13EventHandler0003E
                0x80052926                S2_DMPS_Installer_Tools_v1_13EventHandler0004A
                0x80040ffe                S2_DMPS_Installer_Tools_v1_13EventHandler0001C
                0x8004352a                S2_DMPS_Installer_Tools_v1_13EventHandler00032
                0x80052afc                S2_DMPS_Installer_Tools_v1_13EventHandler00053
                0x800424b0                S2_DMPS_Installer_Tools_v1_13EventHandler0002B
                0x800403cc                S2_DMPS_Installer_Tools_v1_13EventHandler00016
                0x80051b9a                S2_DMPS_Installer_Tools_v1_13EventHandler00034
                0x8003ddda                S2_DMPS_Installer_Tools_v1_13EventHandler0000E
                0x80046c60                S2_DMPS_Installer_Tools_v1_13_EventHandler
                0x800526b6                S2_DMPS_Installer_Tools_v1_13EventHandler00046
                0x8002575c                S2_DMPS_Installer_Tools_v1_13EventHandler0000B
                0x80052a5e                S2_DMPS_Installer_Tools_v1_13EventHandler0004E
                0x800172e6                S2_DMPS_Installer_Tools_v1_13EventHandler00003
                0x80052302                S2_DMPS_Installer_Tools_v1_13EventHandler00040
                0x80051f4e                S2_DMPS_Installer_Tools_v1_13EventHandler0003A
                0x8001b53e                S2_DMPS_Installer_Tools_v1_13EventHandler00005
                0x800527ee                S2_DMPS_Installer_Tools_v1_13EventHandler00048
                0x80052b90                S2_DMPS_Installer_Tools_v1_13EventHandler00055
                0x80051a2a                S2_DMPS_Installer_Tools_v1_13EventHandler0001E
                0x8002544c                S2_DMPS_Installer_Tools_v1_13EventHandler00009
                0x80043400                S2_DMPS_Installer_Tools_v1_13EventHandler00031
                0x8003e474                S2_DMPS_Installer_Tools_v1_13EventHandler00010
                0x8004197a                S2_DMPS_Installer_Tools_v1_13EventHandler00024
                0x8004373e                S2_DMPS_Installer_Tools_v1_13EventHandler0004C
                0x8004295c                S2_DMPS_Installer_Tools_v1_13EventHandler0002E
                0x80051cd6                S2_DMPS_Installer_Tools_v1_13EventHandler00036
                0x80042002                S2_DMPS_Installer_Tools_v1_13EventHandler00028
                0x80051e12                S2_DMPS_Installer_Tools_v1_13EventHandler00038
                0x8003d91e                S2_DMPS_Installer_Tools_v1_13RESTOREAUDIODEFAULTSWAIT
                0x8004263e                S2_DMPS_Installer_Tools_v1_13EventHandler0002C
                0x800407ba                S2_DMPS_Installer_Tools_v1_13EventHandler00017
                0x8003db7c                S2_DMPS_Installer_Tools_v1_13RESTOREDEFAULTSWAIT
                0x800529c2                S2_DMPS_Installer_Tools_v1_13EventHandler0004B
                0x80051afc                S2_DMPS_Installer_Tools_v1_13EventHandler00033
                0x8004451e                S2_DMPS_Installer_Tools_v1_13EventHandler00050
                0x80042320                S2_DMPS_Installer_Tools_v1_13EventHandler0002A
                0x8003faaa                S2_DMPS_Installer_Tools_v1_13EventHandler00013
                0x80045442                S2_DMPS_Installer_Tools_v1_13EventHandler00052
                0x8003ffde                S2_DMPS_Installer_Tools_v1_13EventHandler00015
                0x80029752                S2_DMPS_Installer_Tools_v1_13EventHandler0000C
                0x80043d8c                S2_DMPS_Installer_Tools_v1_13EventHandler0004F
                0x8005208a                S2_DMPS_Installer_Tools_v1_13EventHandler0003C
                0x800298ca                S2_DMPS_Installer_Tools_v1_13EventHandler0000D
                0x80045f7e                S2_DMPS_Installer_Tools_v1_13EventHandler00058
                0x800524dc                S2_DMPS_Installer_Tools_v1_13EventHandler00043
                0x80016696                S2_DMPS_Installer_Tools_v1_13EventHandler00000
                0x8002041c                S2_DMPS_Installer_Tools_v1_13EventHandler00007
                0x8005243e                S2_DMPS_Installer_Tools_v1_13EventHandler00042
                0x80052618                S2_DMPS_Installer_Tools_v1_13EventHandler00045
                0x80051724                S2_DMPS_Installer_Tools_v1_13WRONGPASSWORDWAIT
                0x8001704a                S2_DMPS_Installer_Tools_v1_13EventHandler00002
                0x8003ea88                S2_DMPS_Installer_Tools_v1_13EventHandler00012
                0x80045bd4                S2_DMPS_Installer_Tools_v1_13EventHandler00057
                0x800518c6                S2_DMPS_Installer_Tools_v1_13EventHandler0001A
                0x8004118c                S2_DMPS_Installer_Tools_v1_13EventHandler0001F
                0x80043074                S2_DMPS_Installer_Tools_v1_13EventHandler00030
                0x80051d74                S2_DMPS_Installer_Tools_v1_13EventHandler00037
                0x8003e148                S2_DMPS_Installer_Tools_v1_13EventHandler0000F
                0x800417d8                S2_DMPS_Installer_Tools_v1_13EventHandler00023
                0x80041b1c                S2_DMPS_Installer_Tools_v1_13EventHandler00025
                0x800427cc                S2_DMPS_Installer_Tools_v1_13EventHandler0002D
                0x80040a40                S2_DMPS_Installer_Tools_v1_13EventHandler00018
                0x800414a8                S2_DMPS_Installer_Tools_v1_13EventHandler00021
                0x8004131a                S2_DMPS_Installer_Tools_v1_13EventHandler00020
                0x80041e60                S2_DMPS_Installer_Tools_v1_13EventHandler00027
                0x8005199e                S2_DMPS_Installer_Tools_v1_13EventHandler0001D
                0x80051c38                S2_DMPS_Installer_Tools_v1_13EventHandler00035
                0x80052128                S2_DMPS_Installer_Tools_v1_13EventHandler0003D
 .text          0x80052c24     0x2168 S2_APAD_Long_Text_Edit.o
                0x80054ca4                S2_APAD_Long_Text_EditEventHandler0000D
                0x800546fe                S2_APAD_Long_Text_Edit_main
                0x80053958                S2_APAD_Long_Text_EditEventHandler00005
                0x800548f2                S2_APAD_Long_Text_EditEventHandler00002
                0x80054b6e                S2_APAD_Long_Text_EditEventHandler0000A
                0x80053f50                S2_APAD_Long_Text_EditEventHandler00007
                0x80054baa                S2_APAD_Long_Text_EditEventHandler0000B
                0x80053b80                S2_APAD_Long_Text_EditEventHandler00006
                0x800549b4                S2_APAD_Long_Text_EditEventHandler00003
                0x80054be6                S2_APAD_Long_Text_EditEventHandler0000C
                0x80054a4c                S2_APAD_Long_Text_EditEventHandler00008
                0x80054618                S2_APAD_Long_Text_Edit_EventHandler
                0x8005432a                S2_APAD_Long_Text_EditEventHandler00009
                0x80053442                S2_APAD_Long_Text_EditEventHandler00000
                0x800536f6                S2_APAD_Long_Text_EditEventHandler00004
                0x8005359c                S2_APAD_Long_Text_EditEventHandler00001
 .text          0x80054d8c     0x1078 S2_UserProgCmd_Interface_v1_0.o
                0x80054ea6                S2_UserProgCmd_Interface_v1_0EventHandler00000
                0x80055c8c                S2_UserProgCmd_Interface_v1_0_main
                0x80055ba8                S2_UserProgCmd_Interface_v1_0_EventHandler
 .text          0x80055e04      0x34c S2_UserProgCmd_Interface_Serial_To_Analog_v1_0.o
                0x80055f02                S2_UserProgCmd_Interface_Serial_To_Analog_v1_0_main
                0x80055e04                S2_UserProgCmd_Interface_Serial_To_Analog_v1_0_EventHandler
                0x800560c0                S2_UserProgCmd_Interface_Serial_To_Analog_v1_0EventHandler00001
                0x80055fce                S2_UserProgCmd_Interface_Serial_To_Analog_v1_0EventHandler00000
 .text          0x80056150     0x32b4 S2_DMPS_System_Info_V1_0_2.o
                0x80058f96                S2_DMPS_System_Info_V1_0_2EventHandler00002
                0x80059362                S2_DMPS_System_Info_V1_0_2EventHandler00008
                0x8005921e                S2_DMPS_System_Info_V1_0_2EventHandler00006
                0x80056150                S2_DMPS_System_Info_V1_0_2EventHandler00000
                0x80059038                S2_DMPS_System_Info_V1_0_2EventHandler00003
                0x80058c28                S2_DMPS_System_Info_V1_0_2_EventHandler
                0x80058cda                S2_DMPS_System_Info_V1_0_2_main
                0x80056558                S2_DMPS_System_Info_V1_0_2EventHandler00001
                0x80058ee2                S2_DMPS_System_Info_V1_0_2__SPLS_TMPVAR__WAITLABEL_0__
                0x8005917c                S2_DMPS_System_Info_V1_0_2EventHandler00005
                0x800590da                S2_DMPS_System_Info_V1_0_2EventHandler00004
                0x800592c0                S2_DMPS_System_Info_V1_0_2EventHandler00007
 .text          0x80059404     0x1e9c S2_Single_Line_Scroller_v1_2.o
                0x80059ab4                S2_Single_Line_Scroller_v1_2EventHandler00000
                0x8005a08a                S2_Single_Line_Scroller_v1_2EventHandler00001
                0x8005ae64                S2_Single_Line_Scroller_v1_2_main
                0x8005a22a                S2_Single_Line_Scroller_v1_2EventHandler00002
                0x8005b212                S2_Single_Line_Scroller_v1_2EventHandler00006
                0x8005aa82                S2_Single_Line_Scroller_v1_2EventHandler00007
                0x8005ad98                S2_Single_Line_Scroller_v1_2_EventHandler
                0x8005a86a                S2_Single_Line_Scroller_v1_2EventHandler00005
                0x8005a47e                S2_Single_Line_Scroller_v1_2EventHandler00003
                0x8005a6be                S2_Single_Line_Scroller_v1_2EventHandler00004
 .text          0x8005b2a0     0x1140 S2_IP_Address_Edit_with_Up_Down.o
                0x8005c368                S2_IP_Address_Edit_with_Up_DownEventHandler00000
                0x8005c3a4                S2_IP_Address_Edit_with_Up_DownEventHandler00001
                0x8005bfbc                S2_IP_Address_Edit_with_Up_Down_EventHandler
                0x8005c0aa                S2_IP_Address_Edit_with_Up_Down_main
 .text          0x8005c3e0      0xd38 S2_IP_Address_Edit_Acceleration.o
                0x8005c8b4                S2_IP_Address_Edit_AccelerationEventHandler00000
                0x8005cb48                S2_IP_Address_Edit_Acceleration_EventHandler
                0x8005cc26                S2_IP_Address_Edit_Acceleration_main
 .text          0x8005d118      0x53c S2_DMPS_Analog_To_String_Conversion_v1_1.o
                0x8005d118                S2_DMPS_Analog_To_String_Conversion_v1_1EventHandler00000
                0x8005d538                S2_DMPS_Analog_To_String_Conversion_v1_1_EventHandler
                0x8005d5f4                S2_DMPS_Analog_To_String_Conversion_v1_1_main
 .text          0x8005d654      0x31c S2_DMPS_String_to_Analog_Conversion_v1_1.o
                0x8005d8e0                S2_DMPS_String_to_Analog_Conversion_v1_1_main
                0x8005d654                S2_DMPS_String_to_Analog_Conversion_v1_1EventHandler00000
                0x8005d83a                S2_DMPS_String_to_Analog_Conversion_v1_1_EventHandler
 .text          0x8005d970      0x192 S2_LampHours_Serial2Analog.o
                0x8005da2c                S2_LampHours_Serial2Analog_main
                0x8005d970                S2_LampHours_Serial2Analog_EventHandler
                0x8005da9e                S2_LampHours_Serial2AnalogEventHandler00000
 *fill*         0x8005db02        0x2
 .text          0x8005db04      0x830 S2_Panasonic_PT_F200U_Processor_v1_0.o
                0x8005dc3e                S2_Panasonic_PT_F200U_Processor_v1_0EventHandler00001
                0x8005e20a                S2_Panasonic_PT_F200U_Processor_v1_0_main
                0x8005e132                S2_Panasonic_PT_F200U_Processor_v1_0_EventHandler
                0x8005db04                S2_Panasonic_PT_F200U_Processor_v1_0EventHandler00000
 .text          0x8005e334     0x1100 S2_Panasonic_PT_FW300NT_v1_0_Processor.o
                0x8005efb4                S2_Panasonic_PT_FW300NT_v1_0_Processor_EventHandler
                0x8005e470                S2_Panasonic_PT_FW300NT_v1_0_ProcessorEventHandler00003
                0x8005f350                S2_Panasonic_PT_FW300NT_v1_0_ProcessorEventHandler00001
                0x8005f0cc                S2_Panasonic_PT_FW300NT_v1_0_Processor_main
                0x8005e334                S2_Panasonic_PT_FW300NT_v1_0_ProcessorEventHandler00002
                0x8005f270                S2_Panasonic_PT_FW300NT_v1_0_ProcessorEventHandler00000
 .text          0x8005f434      0xf04 S2_Panasonic_PT_DZ6710_v1_0_Processor.o
                0x80060194                S2_Panasonic_PT_DZ6710_v1_0_Processor_main
                0x8005f6ae                S2_Panasonic_PT_DZ6710_v1_0_ProcessorEventHandler00002
                0x8005f434                S2_Panasonic_PT_DZ6710_v1_0_ProcessorEventHandler00000
                0x8006009e                S2_Panasonic_PT_DZ6710_v1_0_Processor_EventHandler
                0x8005f570                S2_Panasonic_PT_DZ6710_v1_0_ProcessorEventHandler00001
 .text          0x80060338     0x1100 S2_Panasonic_PT_FW300NT_v1_0_Processor_MODIFIED_FOR_370.o
                0x80060fb8                S2_Panasonic_PT_FW300NT_v1_0_Processor_MODIFIED_FOR_370_EventHandler
                0x80060474                S2_Panasonic_PT_FW300NT_v1_0_Processor_MODIFIED_FOR_370EventHandler00003
                0x80061274                S2_Panasonic_PT_FW300NT_v1_0_Processor_MODIFIED_FOR_370EventHandler00000
                0x80061354                S2_Panasonic_PT_FW300NT_v1_0_Processor_MODIFIED_FOR_370EventHandler00001
                0x800610d0                S2_Panasonic_PT_FW300NT_v1_0_Processor_MODIFIED_FOR_370_main
                0x80060338                S2_Panasonic_PT_FW300NT_v1_0_Processor_MODIFIED_FOR_370EventHandler00002
 .text          0x80061438     0x1190 S2_RV_Device_Tracking_Core_v0_2.o
                0x8006249c                S2_RV_Device_Tracking_Core_v0_2EventHandler00002
                0x80062254                S2_RV_Device_Tracking_Core_v0_2__SPLS_TMPVAR__WAITLABEL_0__
                0x800621c4                S2_RV_Device_Tracking_Core_v0_2STOP_TIMER
                0x80062374                S2_RV_Device_Tracking_Core_v0_2EventHandler00000
                0x80062546                S2_RV_Device_Tracking_Core_v0_2EventHandler00003
                0x800620c0                S2_RV_Device_Tracking_Core_v0_2_EventHandler
                0x80062292                S2_RV_Device_Tracking_Core_v0_2_main
                0x8006241a                S2_RV_Device_Tracking_Core_v0_2EventHandler00001
 .text          0x800625c8      0xc08 S2_VideoFormatToString.o
                0x8006313c                S2_VideoFormatToStringEventHandler00003
                0x80063186                S2_VideoFormatToStringEventHandler00004
                0x800630a8                S2_VideoFormatToStringEventHandler00001
                0x80062cb0                S2_VideoFormatToString_EventHandler
                0x800630f2                S2_VideoFormatToStringEventHandler00002
                0x8006305e                S2_VideoFormatToStringEventHandler00000
                0x80062e0e                S2_VideoFormatToString_main
 .text          0x800631d0      0x662 S2_HexToASCII.o
                0x800631d0                S2_HexToASCIIEventHandler00000
                0x8006377a                S2_HexToASCII_main
                0x800636a8                S2_HexToASCII_EventHandler
 *fill*         0x80063832        0x2
 .text          0x80063834     0x5836 library.o
                0x80067a20                RotateRightLong
                0x8006802e                IsSystem
                0x80067984                Seed
                0x8006527c                Remove
                0x80067600                Ltoa
                0x8006732c                Atoi
                0x80066694                InitRampInfoArray
                0x80067dda                Right
                0x80068e0a                LockInputSema
                0x800678ae                Mod
                0x80067a96                Getc
                0x800677e2                SMuldiv
                0x80068010                IsHidden
                0x800676c6                Min
                0x80068c1e                hextosi
                0x800681b4                WriteIntegerArray
                0x8006872a                GetSignedIntArrayElementPtr
                0x8006704e                CheckStructArray
                0x80068c32                hextosl
                0x8006833a                WriteSignedIntegerArray
                0x80066d16                InitStringParamArray
                0x80065fe8                ReadSignedLongIntegerArray
                0x80064f0a                GatherToDelimiter
                0x80066b3a                InitStringArray
                0x800676a0                Max
                0x8006806a                IsReadOnly
                0x800677aa                SMax
                0x800650ae                GatherByLength
                0x8006753a                Chr
                0x8006818c                ReadSignedLongInteger
                0x800675b8                Itohex
                0x80066fc0                GetStructArrayElement
                0x800672b4                UNS_SetByte
                0x80067dae                ReverseFindi
                0x80066490                ReadStringArray
                0x8006853a                GetIntArrayElementPtr
                0x80067bea                Lower
                0x800679a0                RotateLeft
                0x80068d52                ResizeIfAutogrow
                0x800667c0                CheckInputArray
                0x80063da2                ResizeStringArray
                0x800674cc                Atosl
                0x800672f4                High
                0x80067950                Rnd
                0x80067872                UMod
                0x800679f6                RotateLeftLong
                0x80068e7e                FindNumericChar
                0x80068982                CheckIOArrayBounds2
                0x80067fc8                MakeProgramFilename
                0x800677c6                SMin
                0x80067b1e                Left
                0x80067a60                CheckBufferThreshold
                0x80068144                ReadSignedInteger
                0x8006731e                LowWord
                0x80063834                Bit
                0x800680f4                ReadLongInteger
                0x80067132                Byte
                0x80068632                GetLongArrayElementPtr
                0x80067d80                ReverseFind
                0x80067fde                GetSeries
                0x80068f4a                InitTcpServer
                0x80067bd2                Len
                0x80068a52                InitializeRampInfoInternal
                0x800676ec                Divide
                0x80067438                Atol
                0x80067fd4                GetModelNumber
                0x8006891a                CheckIOArrayBounds
                0x8006681a                CheckStringInputArray
                0x800683fc                WriteSignedLongIntegerArray
                0x80066f0a                GetStringArrayElement
                0x80067644                Ltohex
                0x80067570                Itoa
                0x800679ca                RotateRight
                0x8006556a                InternalReverseFind
                0x800680d4                WriteLongInteger
                0x80066a3e                InitDynamicStringStruct
                0x80066930                SetStringArray
                0x80065dc6                ReadSignedIntegerArray
                0x80066874                SetOutputArray
                0x80068084                WriteInteger
                0x80066e9e                InitStructDynamicArray
                0x800657f4                SetString
                0x800678ea                Random
                0x8006811c                WriteSignedInteger
                0x80063a98                Find
                0x80067fe8                GetProgramNumber
                0x80067cbe                Mid
                0x80068ebc                InitTcpClient
                0x80064986                ResizeStructArray
                0x80068822                GetSignedLongArrayElementPtr
                0x80068c44                hextol
                0x8006620a                ReadString
                0x80066bd0                InitDynamicStringArray
                0x80068d2a                UpperChar
                0x800673c8                Atosi
                0x800680ac                ReadInteger
                0x8006775e                Muldiv
                0x800668e2                SetStringOutputArray
                0x800684c0                WriteString
                0x800643fa                ResizeIntegerArray
                0x80066788                InitInOutArray
                0x80066dde                InitNvramStringArray
                0x80067688                Abs
                0x8006782e                SDivide
                0x80065984                ReadIntegerArray
                0x80063944                CompareStrings
                0x80068d02                LowerChar
                0x80068fda                InitUdpSocket
                0x80067a48                ClearBuffer
                0x80067e96                Upper
                0x80066e7a                InitStructArray
                0x80067f6c                MakeLower
                0x8006804c                IsVolume
                0x800653d6                RemoveByLength
                0x800670ca                CheckStringOutputArrayIndex
                0x80068276                WriteLongIntegerArray
                0x80068afe                InitRampInfoStructArray
                0x80067310                HighWord
                0x80063c0c                ResizeString
                0x80067ff2                IsDirectory
                0x80065ba4                ReadLongIntegerArray
                0x80067302                Low
                0x80064db0                Gather
                0x80067f9a                MakeUpper
                0x80066a00                InitStringStruct
                0x800689ea                CheckStringArrayBounds
                0x80067730                CheckDenominator
                0x80068c06                hextoi
                0x80066328                WriteStringArray
                0x800671f2                SetByte
                0x80068aa8                InitializeRampInfo
                0x80068e44                UnLockInputSema
                0x8006816c                WriteSignedLongInteger
                0x80066af2                InitNvramStringStruct
 *fill*         0x8006906a        0x6
                0x80069070                .=ALIGN(0x10)
 *(.eh_frame)
                0x80069070                .=ALIGN(0x10)
 *(.gnu.linkonce.t.*)
                0x80069070                .=ALIGN(0x4)
                0x80069070                __CTOR_LIST__=.
                0x80069070                ___CTOR_LIST__=.
                0x80069070        0x4 LONG 0x0 (((__CTOR_END__-__CTOR_LIST__)/0x4)-0x2)
 *(.ctors)
                0x80069074        0x4 LONG 0x0
                0x80069078                __CTOR_END__=.
                0x80069078                __DTOR_LIST__=.
                0x80069078                ___DTOR_LIST__=.
                0x80069078        0x4 LONG 0x0 (((__DTOR_END__-__DTOR_LIST__)/0x4)-0x2)
 *(.dtors)
                0x8006907c        0x4 LONG 0x0
                0x80069080                __DTOR_END__=.
 *(.rodata)
 .rodata        0x80069080      0x23b S2_String_Check.o
 .rodata        0x800692bb      0x2f5 S2_MPS_Text_Centering.o
 .rodata        0x800695b0      0x3fb S2_Knob_Acceleration__Pkt_.o
 .rodata        0x800699ab      0x687 S2_DMPS_Text_Router_v1_0.o
 .rodata        0x8006a032     0x2b1d S2_DMPS_Installer_Tools_v1_13.o
 .rodata        0x8006cb4f      0x3b7 S2_APAD_Long_Text_Edit.o
 .rodata        0x8006cf06      0x457 S2_UserProgCmd_Interface_v1_0.o
 .rodata        0x8006d35d      0x24a S2_UserProgCmd_Interface_Serial_To_Analog_v1_0.o
 .rodata        0x8006d5a7      0x814 S2_DMPS_System_Info_V1_0_2.o
 .rodata        0x8006ddbb      0x38d S2_Single_Line_Scroller_v1_2.o
 .rodata        0x8006e148      0x261 S2_IP_Address_Edit_with_Up_Down.o
 .rodata        0x8006e3a9      0x2de S2_IP_Address_Edit_Acceleration.o
 .rodata        0x8006e687      0x2d2 S2_DMPS_Analog_To_String_Conversion_v1_1.o
 .rodata        0x8006e959      0x23b S2_DMPS_String_to_Analog_Conversion_v1_1.o
 .rodata        0x8006eb94      0x241 S2_LampHours_Serial2Analog.o
 .rodata        0x8006edd5      0x2e1 S2_Panasonic_PT_F200U_Processor_v1_0.o
 .rodata        0x8006f0b6      0x310 S2_Panasonic_PT_FW300NT_v1_0_Processor.o
 .rodata        0x8006f3c6      0x2f3 S2_Panasonic_PT_DZ6710_v1_0_Processor.o
 .rodata        0x8006f6b9      0x310 S2_Panasonic_PT_FW300NT_v1_0_Processor_MODIFIED_FOR_370.o
 .rodata        0x8006f9c9      0x434 S2_RV_Device_Tracking_Core_v0_2.o
 .rodata        0x8006fdfd      0x372 S2_VideoFormatToString.o
 .rodata        0x8007016f      0x2df S2_HexToASCII.o
 .rodata        0x8007044e      0xc54 library.o
 *(.gcc_except_table)
                0x800710a2                .=ALIGN(0x2)
                0x800710a2                __INIT_SECTION__=.
                0x800710a2        0x4 LONG 0x4e560000
 *(.init)
                0x800710a6        0x2 SHORT 0x4e5e
                0x800710a8        0x2 SHORT 0x4e75
                0x800710aa                __FINI_SECTION__=.
                0x800710aa        0x4 LONG 0x4e560000
 *(.fini)
                0x800710ae        0x2 SHORT 0x4e5e
                0x800710b0        0x2 SHORT 0x4e75
 *(.lit)
 *fill*         0x800710b2        0xe
                0x800710c0                .=ALIGN(0x10)
                0x800710c0                _etext=.
                0x800710c0                etext=.

.data           0x800710c0        0x0
                0x800710c0                copy_start=.
 *(.shdata)
 *(.data)
 *(.gnu.linkonce.d.*)
                0x800710c0                .=ALIGN(0x10)
                0x800710c0                _edata=.
                0x800710c0                copy_end=.

.got
 *(.got.plt)
 *(.got)

EntryList       0x800710c0     0x1760
 *(EntryList)
 EntryList      0x800710c0      0x110 S2_String_Check.o
                0x800710c0                S2_String_Check_Entry
 EntryList      0x800711d0      0x110 S2_MPS_Text_Centering.o
                0x800711d0                S2_MPS_Text_Centering_Entry
 EntryList      0x800712e0      0x110 S2_Knob_Acceleration__Pkt_.o
                0x800712e0                S2_Knob_Acceleration__Pkt__Entry
 EntryList      0x800713f0      0x110 S2_DMPS_Text_Router_v1_0.o
                0x800713f0                S2_DMPS_Text_Router_v1_0_Entry
 EntryList      0x80071500      0x110 S2_DMPS_Installer_Tools_v1_13.o
                0x80071500                S2_DMPS_Installer_Tools_v1_13_Entry
 EntryList      0x80071610      0x110 S2_APAD_Long_Text_Edit.o
                0x80071610                S2_APAD_Long_Text_Edit_Entry
 EntryList      0x80071720      0x110 S2_UserProgCmd_Interface_v1_0.o
                0x80071720                S2_UserProgCmd_Interface_v1_0_Entry
 EntryList      0x80071830      0x110 S2_UserProgCmd_Interface_Serial_To_Analog_v1_0.o
                0x80071830                S2_UserProgCmd_Interface_Serial_To_Analog_v1_0_Entry
 EntryList      0x80071940      0x110 S2_DMPS_System_Info_V1_0_2.o
                0x80071940                S2_DMPS_System_Info_V1_0_2_Entry
 EntryList      0x80071a50      0x110 S2_Single_Line_Scroller_v1_2.o
                0x80071a50                S2_Single_Line_Scroller_v1_2_Entry
 EntryList      0x80071b60      0x110 S2_IP_Address_Edit_with_Up_Down.o
                0x80071b60                S2_IP_Address_Edit_with_Up_Down_Entry
 EntryList      0x80071c70      0x110 S2_IP_Address_Edit_Acceleration.o
                0x80071c70                S2_IP_Address_Edit_Acceleration_Entry
 EntryList      0x80071d80      0x110 S2_DMPS_Analog_To_String_Conversion_v1_1.o
                0x80071d80                S2_DMPS_Analog_To_String_Conversion_v1_1_Entry
 EntryList      0x80071e90      0x110 S2_DMPS_String_to_Analog_Conversion_v1_1.o
                0x80071e90                S2_DMPS_String_to_Analog_Conversion_v1_1_Entry
 EntryList      0x80071fa0      0x110 S2_LampHours_Serial2Analog.o
                0x80071fa0                S2_LampHours_Serial2Analog_Entry
 EntryList      0x800720b0      0x110 S2_Panasonic_PT_F200U_Processor_v1_0.o
                0x800720b0                S2_Panasonic_PT_F200U_Processor_v1_0_Entry
 EntryList      0x800721c0      0x110 S2_Panasonic_PT_FW300NT_v1_0_Processor.o
                0x800721c0                S2_Panasonic_PT_FW300NT_v1_0_Processor_Entry
 EntryList      0x800722d0      0x110 S2_Panasonic_PT_DZ6710_v1_0_Processor.o
                0x800722d0                S2_Panasonic_PT_DZ6710_v1_0_Processor_Entry
 EntryList      0x800723e0      0x110 S2_Panasonic_PT_FW300NT_v1_0_Processor_MODIFIED_FOR_370.o
                0x800723e0                S2_Panasonic_PT_FW300NT_v1_0_Processor_MODIFIED_FOR_370_Entry
 EntryList      0x800724f0      0x110 S2_RV_Device_Tracking_Core_v0_2.o
                0x800724f0                S2_RV_Device_Tracking_Core_v0_2_Entry
 EntryList      0x80072600      0x110 S2_VideoFormatToString.o
                0x80072600                S2_VideoFormatToString_Entry
 EntryList      0x80072710      0x110 S2_HexToASCII.o
                0x80072710                S2_HexToASCII_Entry
                0x80072820                .=ALIGN(0x4)

FunctionList    0x80072820        0x4
 *(FunctionList)
 FunctionList   0x80072820        0x4 globals.o
                0x80072820                g_pFunctions
                0x80072824                .=ALIGN(0x4)

.bss            0x80072824        0x0
                0x80072824                .=ALIGN(0x4)
                0x80072824                __bss_start=.
 *(.shbss)
 *(.bss)
 *(COMMON)
                0x80072828                _end=ALIGN(0x8)
                0x80072828                __end=_end

.stab
 *(.stab)

.stabstr
 *(.stabstr)

.debug
 *(.debug)

.line
 *(.line)

.debug_srcinfo
 *(.debug_srcinfo)

.debug_sfnames
 *(.debug_sfnames)

.debug_aranges
 *(.debug_aranges)

.debug_pubnames
 *(.debug_pubnames)

.debug_info
 *(.debug_info)

.debug_abbrev
 *(.debug_abbrev)

.debug_line
 *(.debug_line)

.debug_frame
 *(.debug_frame)

.debug_str
 *(.debug_str)

.debug_loc
 *(.debug_loc)

.debug_macinfo
 *(.debug_macinfo)

.debug_weaknames
 *(.debug_weaknames)

.debug_funcnames
 *(.debug_funcnames)

.debug_typenames
 *(.debug_typenames)

.debug_varnames
 *(.debug_varnames)
LOAD S2_String_Check.o
LOAD S2_MPS_Text_Centering.o
LOAD S2_Knob_Acceleration__Pkt_.o
LOAD S2_DMPS_Text_Router_v1_0.o
LOAD S2_DMPS_Installer_Tools_v1_13.o
LOAD S2_APAD_Long_Text_Edit.o
LOAD S2_UserProgCmd_Interface_v1_0.o
LOAD S2_UserProgCmd_Interface_Serial_To_Analog_v1_0.o
LOAD S2_DMPS_System_Info_V1_0_2.o
LOAD S2_Single_Line_Scroller_v1_2.o
LOAD S2_IP_Address_Edit_with_Up_Down.o
LOAD S2_IP_Address_Edit_Acceleration.o
LOAD S2_DMPS_Analog_To_String_Conversion_v1_1.o
LOAD S2_DMPS_String_to_Analog_Conversion_v1_1.o
LOAD S2_LampHours_Serial2Analog.o
LOAD S2_Panasonic_PT_F200U_Processor_v1_0.o
LOAD S2_Panasonic_PT_FW300NT_v1_0_Processor.o
LOAD S2_Panasonic_PT_DZ6710_v1_0_Processor.o
LOAD S2_Panasonic_PT_FW300NT_v1_0_Processor_MODIFIED_FOR_370.o
LOAD S2_RV_Device_Tracking_Core_v0_2.o
LOAD S2_VideoFormatToString.o
LOAD S2_HexToASCII.o
LOAD globals.o
LOAD library.o
OUTPUT(_S2_SmallCabinet_DMPS100.spl elf32-m68k)

.comment        0x80072824      0x390
 .comment       0x80072824       0x26 S2_String_Check.o
 .comment       0x8007284a       0x26 S2_MPS_Text_Centering.o
 .comment       0x80072870       0x26 S2_Knob_Acceleration__Pkt_.o
 .comment       0x80072896       0x26 S2_DMPS_Text_Router_v1_0.o
 .comment       0x800728bc       0x26 S2_DMPS_Installer_Tools_v1_13.o
 .comment       0x800728e2       0x26 S2_APAD_Long_Text_Edit.o
 .comment       0x80072908       0x26 S2_UserProgCmd_Interface_v1_0.o
 .comment       0x8007292e       0x26 S2_UserProgCmd_Interface_Serial_To_Analog_v1_0.o
 .comment       0x80072954       0x26 S2_DMPS_System_Info_V1_0_2.o
 .comment       0x8007297a       0x26 S2_Single_Line_Scroller_v1_2.o
 .comment       0x800729a0       0x26 S2_IP_Address_Edit_with_Up_Down.o
 .comment       0x800729c6       0x26 S2_IP_Address_Edit_Acceleration.o
 .comment       0x800729ec       0x26 S2_DMPS_Analog_To_String_Conversion_v1_1.o
 .comment       0x80072a12       0x26 S2_DMPS_String_to_Analog_Conversion_v1_1.o
 .comment       0x80072a38       0x26 S2_LampHours_Serial2Analog.o
 .comment       0x80072a5e       0x26 S2_Panasonic_PT_F200U_Processor_v1_0.o
 .comment       0x80072a84       0x26 S2_Panasonic_PT_FW300NT_v1_0_Processor.o
 .comment       0x80072aaa       0x26 S2_Panasonic_PT_DZ6710_v1_0_Processor.o
 .comment       0x80072ad0       0x26 S2_Panasonic_PT_FW300NT_v1_0_Processor_MODIFIED_FOR_370.o
 .comment       0x80072af6       0x26 S2_RV_Device_Tracking_Core_v0_2.o
 .comment       0x80072b1c       0x26 S2_VideoFormatToString.o
 .comment       0x80072b42       0x26 S2_HexToASCII.o
 .comment       0x80072b68       0x26 globals.o
 .comment       0x80072b8e       0x26 library.o
